node.exe : FAIL tests/profile.test.js
Au caractère Ligne:1 : 1
+ & "C:\Program Files\nodejs/node.exe" "C:\Program 
Files\nodejs/node_mo ...
+ ~~~~~~~~~~~~~~~~~~~~~~~~~~~~~~~~~~~~~~~~~~~~~~~~~~
~~~~~~~~~~~~~~~~~~~
    + CategoryInfo          : NotSpecified: (FAIL t 
   ests/profile.test.js:String) [], RemoteExceptio  
  n
    + FullyQualifiedErrorId : NativeCommandError
 
  ÔùÅ Change Password Validation ÔÇ║ fails when 
currentPassword is missing

    expect(received).toMatch(expected)

    Expected pattern: /currentPassword/i
    Received string:  "Current password is 
required."

    [0m [90m 64 |[39m         [36mconst[39m { 
error } [33m=[39m 
changePasswordSchema[33m.[39mvalidate({ 
newPassword[33m:[39m [32m'newPass123'[39m 
})[33m;[39m
     [90m 65 |[39m         
expect(error)[33m.[39mtoBeDefined()[33m;[39m
    [31m[1m>[22m[39m[90m 66 |[39m         expe
ct(error[33m.[39mmessage)[33m.[39mtoMatch([35m/
currentPassword/i[39m)[33m;[39m
     [90m    |[39m                               
[31m[1m^[22m[39m
     [90m 67 |[39m     })[33m;[39m
     [90m 68 |[39m
     [90m 69 |[39m     test([32m'fails when 
newPassword is too short'[39m[33m,[39m () 
[33m=>[39m {[0m

      at Object.toMatch 
(tests/profile.test.js:66:31)

PASS tests/signin.test.js
PASS tests/products.test.js

Test Suites: 1 failed, 2 passed, 3 total
Tests:       1 failed, 26 passed, 27 total
Snapshots:   0 total
Time:        0.878 s, estimated 1 s
Ran all test suites matching tests/.
